// Jest Snapshot v1, https://goo.gl/fbAQLP

exports[`>>>Vuttr.js +Snapshot/Vuttr renderiza normalmente. 1`] = `
ReactWrapper {
  Symbol(enzyme.__unrendered__): <React.Fragment>
    <ForwardRef
      abrirModal={[MockFunction]}
      abrirModalDelete={[MockFunction]}
      pesquisaFiltradasTools={[MockFunction]}
      toggleTagFiltro={[MockFunction]}
      toolsList={Array []}
    />
  </React.Fragment>,
  Symbol(enzyme.__renderer__): Object {
    "batchedUpdates": [Function],
    "getNode": [Function],
    "getWrappingComponentRenderer": [Function],
    "render": [Function],
    "simulateError": [Function],
    "simulateEvent": [Function],
    "unmount": [Function],
  },
  Symbol(enzyme.__root__): [Circular],
  Symbol(enzyme.__node__): Object {
    "instance": null,
    "key": undefined,
    "nodeType": "function",
    "props": Object {
      "abrirModal": [MockFunction],
      "abrirModalDelete": [MockFunction],
      "pesquisaFiltradasTools": [MockFunction],
      "toggleTagFiltro": [MockFunction],
      "toolsList": Array [],
    },
    "ref": Object {
      "current": null,
    },
    "rendered": Object {
      "instance": <div
        class="App"
      >
        <header>
          <h1
            class="ink mt4 mb0 i fw1"
          >
            VUTTR
          </h1>
          <h2
            class="ink mt2 mb4 ttu tracked"
          >
            Very Useful Tools to Remember
          </h2>
        </header>
        <section>
          <form>
            <input
              aria-label="Pesquisa"
              class="mb2 pesquisaInput br1"
              placeholder="Pesquise aqui…"
              type="search"
              value=""
            />
             
            <label
              class="lh-copy container ml3"
            >
              Procurar com #tags?
              <input
                type="checkbox"
              />
              <span
                class="checkmark br1"
              />
            </label>
          </form>
          <br />
          <button
            class="grow br2 ph3 pv2 mb2 dib bg-add azul"
            type="button"
          >
            <span
              aria-label="plus"
              role="img"
            >
              ➕
            </span>
             Adicionar Tool
          </button>
          <br />
          <article
            class="bg-branco-escuro w-50 center mb4 o-90 ba b--black-20 br2 pr4 shadowBox"
          >
            <div
              class="pa2"
            >
              <span>
                Lista vazia.
              </span>
            </div>
          </article>
        </section>
      </div>,
      "key": undefined,
      "nodeType": "host",
      "props": Object {
        "children": Array [
          <header>
            <h1
              className="ink mt4 mb0 i fw1"
            >
              VUTTR
            </h1>
            <h2
              className="ink mt2 mb4 ttu tracked"
            >
              Very Useful Tools to Remember
            </h2>
          </header>,
          <section>
            <form>
              <input
                aria-label="Pesquisa"
                className="mb2 pesquisaInput br1"
                onChange={[Function]}
                placeholder="Pesquise aqui…"
                type="search"
              />
               
              <label
                className="lh-copy container ml3"
              >
                Procurar com #tags?
                <input
                  onChange={[Function]}
                  type="checkbox"
                />
                <span
                  className="checkmark br1"
                />
              </label>
            </form>
            <br />
            <button
              className="grow br2 ph3 pv2 mb2 dib bg-add azul"
              onClick={[MockFunction]}
              type="button"
            >
              <span
                aria-label="plus"
                role="img"
              >
                ➕
              </span>
               Adicionar Tool
            </button>
            <br />
            <article
              className="bg-branco-escuro w-50 center mb4 o-90 ba b--black-20 br2 pr4 shadowBox"
            >
              <div
                className="pa2"
              >
                <span>
                  Lista vazia.
                </span>
              </div>
            </article>
          </section>,
        ],
        "className": "App",
      },
      "ref": null,
      "rendered": Array [
        Object {
          "instance": <header>
            <h1
              class="ink mt4 mb0 i fw1"
            >
              VUTTR
            </h1>
            <h2
              class="ink mt2 mb4 ttu tracked"
            >
              Very Useful Tools to Remember
            </h2>
          </header>,
          "key": undefined,
          "nodeType": "host",
          "props": Object {
            "children": Array [
              <h1
                className="ink mt4 mb0 i fw1"
              >
                VUTTR
              </h1>,
              <h2
                className="ink mt2 mb4 ttu tracked"
              >
                Very Useful Tools to Remember
              </h2>,
            ],
          },
          "ref": null,
          "rendered": Array [
            Object {
              "instance": <h1
                class="ink mt4 mb0 i fw1"
              >
                VUTTR
              </h1>,
              "key": undefined,
              "nodeType": "host",
              "props": Object {
                "children": "VUTTR",
                "className": "ink mt4 mb0 i fw1",
              },
              "ref": null,
              "rendered": Array [
                "VUTTR",
              ],
              "type": "h1",
            },
            Object {
              "instance": <h2
                class="ink mt2 mb4 ttu tracked"
              >
                Very Useful Tools to Remember
              </h2>,
              "key": undefined,
              "nodeType": "host",
              "props": Object {
                "children": "Very Useful Tools to Remember",
                "className": "ink mt2 mb4 ttu tracked",
              },
              "ref": null,
              "rendered": Array [
                "Very Useful Tools to Remember",
              ],
              "type": "h2",
            },
          ],
          "type": "header",
        },
        Object {
          "instance": <section>
            <form>
              <input
                aria-label="Pesquisa"
                class="mb2 pesquisaInput br1"
                placeholder="Pesquise aqui…"
                type="search"
                value=""
              />
               
              <label
                class="lh-copy container ml3"
              >
                Procurar com #tags?
                <input
                  type="checkbox"
                />
                <span
                  class="checkmark br1"
                />
              </label>
            </form>
            <br />
            <button
              class="grow br2 ph3 pv2 mb2 dib bg-add azul"
              type="button"
            >
              <span
                aria-label="plus"
                role="img"
              >
                ➕
              </span>
               Adicionar Tool
            </button>
            <br />
            <article
              class="bg-branco-escuro w-50 center mb4 o-90 ba b--black-20 br2 pr4 shadowBox"
            >
              <div
                class="pa2"
              >
                <span>
                  Lista vazia.
                </span>
              </div>
            </article>
          </section>,
          "key": undefined,
          "nodeType": "host",
          "props": Object {
            "children": Array [
              <form>
                <input
                  aria-label="Pesquisa"
                  className="mb2 pesquisaInput br1"
                  onChange={[Function]}
                  placeholder="Pesquise aqui…"
                  type="search"
                />
                 
                <label
                  className="lh-copy container ml3"
                >
                  Procurar com #tags?
                  <input
                    onChange={[Function]}
                    type="checkbox"
                  />
                  <span
                    className="checkmark br1"
                  />
                </label>
              </form>,
              <br />,
              <button
                className="grow br2 ph3 pv2 mb2 dib bg-add azul"
                onClick={[MockFunction]}
                type="button"
              >
                <span
                  aria-label="plus"
                  role="img"
                >
                  ➕
                </span>
                 Adicionar Tool
              </button>,
              <br />,
              <article
                className="bg-branco-escuro w-50 center mb4 o-90 ba b--black-20 br2 pr4 shadowBox"
              >
                <div
                  className="pa2"
                >
                  <span>
                    Lista vazia.
                  </span>
                </div>
              </article>,
            ],
          },
          "ref": null,
          "rendered": Array [
            Object {
              "instance": <form>
                <input
                  aria-label="Pesquisa"
                  class="mb2 pesquisaInput br1"
                  placeholder="Pesquise aqui…"
                  type="search"
                  value=""
                />
                 
                <label
                  class="lh-copy container ml3"
                >
                  Procurar com #tags?
                  <input
                    type="checkbox"
                  />
                  <span
                    class="checkmark br1"
                  />
                </label>
              </form>,
              "key": undefined,
              "nodeType": "host",
              "props": Object {
                "children": Array [
                  <input
                    aria-label="Pesquisa"
                    className="mb2 pesquisaInput br1"
                    onChange={[Function]}
                    placeholder="Pesquise aqui…"
                    type="search"
                  />,
                  " ",
                  <label
                    className="lh-copy container ml3"
                  >
                    Procurar com #tags?
                    <input
                      onChange={[Function]}
                      type="checkbox"
                    />
                    <span
                      className="checkmark br1"
                    />
                  </label>,
                ],
              },
              "ref": null,
              "rendered": Array [
                Object {
                  "instance": <input
                    aria-label="Pesquisa"
                    class="mb2 pesquisaInput br1"
                    placeholder="Pesquise aqui…"
                    type="search"
                    value=""
                  />,
                  "key": undefined,
                  "nodeType": "host",
                  "props": Object {
                    "aria-label": "Pesquisa",
                    "className": "mb2 pesquisaInput br1",
                    "onChange": [Function],
                    "placeholder": "Pesquise aqui…",
                    "type": "search",
                    "value": undefined,
                  },
                  "ref": [Function],
                  "rendered": Array [
                    undefined,
                  ],
                  "type": "input",
                },
                " ",
                Object {
                  "instance": <label
                    class="lh-copy container ml3"
                  >
                    Procurar com #tags?
                    <input
                      type="checkbox"
                    />
                    <span
                      class="checkmark br1"
                    />
                  </label>,
                  "key": undefined,
                  "nodeType": "host",
                  "props": Object {
                    "children": Array [
                      "Procurar com #tags?",
                      <input
                        onChange={[Function]}
                        type="checkbox"
                      />,
                      <span
                        className="checkmark br1"
                      />,
                    ],
                    "className": "lh-copy container ml3",
                  },
                  "ref": null,
                  "rendered": Array [
                    "Procurar com #tags?",
                    Object {
                      "instance": <input
                        type="checkbox"
                      />,
                      "key": undefined,
                      "nodeType": "host",
                      "props": Object {
                        "onChange": [Function],
                        "type": "checkbox",
                      },
                      "ref": null,
                      "rendered": Array [
                        undefined,
                      ],
                      "type": "input",
                    },
                    Object {
                      "instance": <span
                        class="checkmark br1"
                      />,
                      "key": undefined,
                      "nodeType": "host",
                      "props": Object {
                        "className": "checkmark br1",
                      },
                      "ref": null,
                      "rendered": Array [
                        undefined,
                      ],
                      "type": "span",
                    },
                  ],
                  "type": "label",
                },
              ],
              "type": "form",
            },
            Object {
              "instance": <br />,
              "key": undefined,
              "nodeType": "host",
              "props": Object {},
              "ref": null,
              "rendered": Array [
                undefined,
              ],
              "type": "br",
            },
            Object {
              "instance": <button
                class="grow br2 ph3 pv2 mb2 dib bg-add azul"
                type="button"
              >
                <span
                  aria-label="plus"
                  role="img"
                >
                  ➕
                </span>
                 Adicionar Tool
              </button>,
              "key": undefined,
              "nodeType": "host",
              "props": Object {
                "children": Array [
                  <span
                    aria-label="plus"
                    role="img"
                  >
                    ➕
                  </span>,
                  " Adicionar Tool",
                ],
                "className": "grow br2 ph3 pv2 mb2 dib bg-add azul",
                "onClick": [MockFunction],
                "type": "button",
              },
              "ref": null,
              "rendered": Array [
                Object {
                  "instance": <span
                    aria-label="plus"
                    role="img"
                  >
                    ➕
                  </span>,
                  "key": undefined,
                  "nodeType": "host",
                  "props": Object {
                    "aria-label": "plus",
                    "children": "➕",
                    "role": "img",
                  },
                  "ref": null,
                  "rendered": Array [
                    "➕",
                  ],
                  "type": "span",
                },
                " Adicionar Tool",
              ],
              "type": "button",
            },
            Object {
              "instance": <br />,
              "key": undefined,
              "nodeType": "host",
              "props": Object {},
              "ref": null,
              "rendered": Array [
                undefined,
              ],
              "type": "br",
            },
            Object {
              "instance": <article
                class="bg-branco-escuro w-50 center mb4 o-90 ba b--black-20 br2 pr4 shadowBox"
              >
                <div
                  class="pa2"
                >
                  <span>
                    Lista vazia.
                  </span>
                </div>
              </article>,
              "key": undefined,
              "nodeType": "host",
              "props": Object {
                "children": <div
                  className="pa2"
                >
                  <span>
                    Lista vazia.
                  </span>
                </div>,
                "className": "bg-branco-escuro w-50 center mb4 o-90 ba b--black-20 br2 pr4 shadowBox",
              },
              "ref": null,
              "rendered": Array [
                Object {
                  "instance": <div
                    class="pa2"
                  >
                    <span>
                      Lista vazia.
                    </span>
                  </div>,
                  "key": undefined,
                  "nodeType": "host",
                  "props": Object {
                    "children": <span>
                      Lista vazia.
                    </span>,
                    "className": "pa2",
                  },
                  "ref": null,
                  "rendered": Array [
                    Object {
                      "instance": <span>
                        Lista vazia.
                      </span>,
                      "key": undefined,
                      "nodeType": "host",
                      "props": Object {
                        "children": "Lista vazia.",
                      },
                      "ref": null,
                      "rendered": Array [
                        "Lista vazia.",
                      ],
                      "type": "span",
                    },
                  ],
                  "type": "div",
                },
              ],
              "type": "article",
            },
          ],
          "type": "section",
        },
      ],
      "type": "div",
    },
    "type": Object {
      "$$typeof": Symbol(react.forward_ref),
      "render": [Function],
    },
  },
  Symbol(enzyme.__nodes__): Array [
    Object {
      "instance": null,
      "key": undefined,
      "nodeType": "function",
      "props": Object {
        "abrirModal": [MockFunction],
        "abrirModalDelete": [MockFunction],
        "pesquisaFiltradasTools": [MockFunction],
        "toggleTagFiltro": [MockFunction],
        "toolsList": Array [],
      },
      "ref": Object {
        "current": null,
      },
      "rendered": Object {
        "instance": <div
          class="App"
        >
          <header>
            <h1
              class="ink mt4 mb0 i fw1"
            >
              VUTTR
            </h1>
            <h2
              class="ink mt2 mb4 ttu tracked"
            >
              Very Useful Tools to Remember
            </h2>
          </header>
          <section>
            <form>
              <input
                aria-label="Pesquisa"
                class="mb2 pesquisaInput br1"
                placeholder="Pesquise aqui…"
                type="search"
                value=""
              />
               
              <label
                class="lh-copy container ml3"
              >
                Procurar com #tags?
                <input
                  type="checkbox"
                />
                <span
                  class="checkmark br1"
                />
              </label>
            </form>
            <br />
            <button
              class="grow br2 ph3 pv2 mb2 dib bg-add azul"
              type="button"
            >
              <span
                aria-label="plus"
                role="img"
              >
                ➕
              </span>
               Adicionar Tool
            </button>
            <br />
            <article
              class="bg-branco-escuro w-50 center mb4 o-90 ba b--black-20 br2 pr4 shadowBox"
            >
              <div
                class="pa2"
              >
                <span>
                  Lista vazia.
                </span>
              </div>
            </article>
          </section>
        </div>,
        "key": undefined,
        "nodeType": "host",
        "props": Object {
          "children": Array [
            <header>
              <h1
                className="ink mt4 mb0 i fw1"
              >
                VUTTR
              </h1>
              <h2
                className="ink mt2 mb4 ttu tracked"
              >
                Very Useful Tools to Remember
              </h2>
            </header>,
            <section>
              <form>
                <input
                  aria-label="Pesquisa"
                  className="mb2 pesquisaInput br1"
                  onChange={[Function]}
                  placeholder="Pesquise aqui…"
                  type="search"
                />
                 
                <label
                  className="lh-copy container ml3"
                >
                  Procurar com #tags?
                  <input
                    onChange={[Function]}
                    type="checkbox"
                  />
                  <span
                    className="checkmark br1"
                  />
                </label>
              </form>
              <br />
              <button
                className="grow br2 ph3 pv2 mb2 dib bg-add azul"
                onClick={[MockFunction]}
                type="button"
              >
                <span
                  aria-label="plus"
                  role="img"
                >
                  ➕
                </span>
                 Adicionar Tool
              </button>
              <br />
              <article
                className="bg-branco-escuro w-50 center mb4 o-90 ba b--black-20 br2 pr4 shadowBox"
              >
                <div
                  className="pa2"
                >
                  <span>
                    Lista vazia.
                  </span>
                </div>
              </article>
            </section>,
          ],
          "className": "App",
        },
        "ref": null,
        "rendered": Array [
          Object {
            "instance": <header>
              <h1
                class="ink mt4 mb0 i fw1"
              >
                VUTTR
              </h1>
              <h2
                class="ink mt2 mb4 ttu tracked"
              >
                Very Useful Tools to Remember
              </h2>
            </header>,
            "key": undefined,
            "nodeType": "host",
            "props": Object {
              "children": Array [
                <h1
                  className="ink mt4 mb0 i fw1"
                >
                  VUTTR
                </h1>,
                <h2
                  className="ink mt2 mb4 ttu tracked"
                >
                  Very Useful Tools to Remember
                </h2>,
              ],
            },
            "ref": null,
            "rendered": Array [
              Object {
                "instance": <h1
                  class="ink mt4 mb0 i fw1"
                >
                  VUTTR
                </h1>,
                "key": undefined,
                "nodeType": "host",
                "props": Object {
                  "children": "VUTTR",
                  "className": "ink mt4 mb0 i fw1",
                },
                "ref": null,
                "rendered": Array [
                  "VUTTR",
                ],
                "type": "h1",
              },
              Object {
                "instance": <h2
                  class="ink mt2 mb4 ttu tracked"
                >
                  Very Useful Tools to Remember
                </h2>,
                "key": undefined,
                "nodeType": "host",
                "props": Object {
                  "children": "Very Useful Tools to Remember",
                  "className": "ink mt2 mb4 ttu tracked",
                },
                "ref": null,
                "rendered": Array [
                  "Very Useful Tools to Remember",
                ],
                "type": "h2",
              },
            ],
            "type": "header",
          },
          Object {
            "instance": <section>
              <form>
                <input
                  aria-label="Pesquisa"
                  class="mb2 pesquisaInput br1"
                  placeholder="Pesquise aqui…"
                  type="search"
                  value=""
                />
                 
                <label
                  class="lh-copy container ml3"
                >
                  Procurar com #tags?
                  <input
                    type="checkbox"
                  />
                  <span
                    class="checkmark br1"
                  />
                </label>
              </form>
              <br />
              <button
                class="grow br2 ph3 pv2 mb2 dib bg-add azul"
                type="button"
              >
                <span
                  aria-label="plus"
                  role="img"
                >
                  ➕
                </span>
                 Adicionar Tool
              </button>
              <br />
              <article
                class="bg-branco-escuro w-50 center mb4 o-90 ba b--black-20 br2 pr4 shadowBox"
              >
                <div
                  class="pa2"
                >
                  <span>
                    Lista vazia.
                  </span>
                </div>
              </article>
            </section>,
            "key": undefined,
            "nodeType": "host",
            "props": Object {
              "children": Array [
                <form>
                  <input
                    aria-label="Pesquisa"
                    className="mb2 pesquisaInput br1"
                    onChange={[Function]}
                    placeholder="Pesquise aqui…"
                    type="search"
                  />
                   
                  <label
                    className="lh-copy container ml3"
                  >
                    Procurar com #tags?
                    <input
                      onChange={[Function]}
                      type="checkbox"
                    />
                    <span
                      className="checkmark br1"
                    />
                  </label>
                </form>,
                <br />,
                <button
                  className="grow br2 ph3 pv2 mb2 dib bg-add azul"
                  onClick={[MockFunction]}
                  type="button"
                >
                  <span
                    aria-label="plus"
                    role="img"
                  >
                    ➕
                  </span>
                   Adicionar Tool
                </button>,
                <br />,
                <article
                  className="bg-branco-escuro w-50 center mb4 o-90 ba b--black-20 br2 pr4 shadowBox"
                >
                  <div
                    className="pa2"
                  >
                    <span>
                      Lista vazia.
                    </span>
                  </div>
                </article>,
              ],
            },
            "ref": null,
            "rendered": Array [
              Object {
                "instance": <form>
                  <input
                    aria-label="Pesquisa"
                    class="mb2 pesquisaInput br1"
                    placeholder="Pesquise aqui…"
                    type="search"
                    value=""
                  />
                   
                  <label
                    class="lh-copy container ml3"
                  >
                    Procurar com #tags?
                    <input
                      type="checkbox"
                    />
                    <span
                      class="checkmark br1"
                    />
                  </label>
                </form>,
                "key": undefined,
                "nodeType": "host",
                "props": Object {
                  "children": Array [
                    <input
                      aria-label="Pesquisa"
                      className="mb2 pesquisaInput br1"
                      onChange={[Function]}
                      placeholder="Pesquise aqui…"
                      type="search"
                    />,
                    " ",
                    <label
                      className="lh-copy container ml3"
                    >
                      Procurar com #tags?
                      <input
                        onChange={[Function]}
                        type="checkbox"
                      />
                      <span
                        className="checkmark br1"
                      />
                    </label>,
                  ],
                },
                "ref": null,
                "rendered": Array [
                  Object {
                    "instance": <input
                      aria-label="Pesquisa"
                      class="mb2 pesquisaInput br1"
                      placeholder="Pesquise aqui…"
                      type="search"
                      value=""
                    />,
                    "key": undefined,
                    "nodeType": "host",
                    "props": Object {
                      "aria-label": "Pesquisa",
                      "className": "mb2 pesquisaInput br1",
                      "onChange": [Function],
                      "placeholder": "Pesquise aqui…",
                      "type": "search",
                      "value": undefined,
                    },
                    "ref": [Function],
                    "rendered": Array [
                      undefined,
                    ],
                    "type": "input",
                  },
                  " ",
                  Object {
                    "instance": <label
                      class="lh-copy container ml3"
                    >
                      Procurar com #tags?
                      <input
                        type="checkbox"
                      />
                      <span
                        class="checkmark br1"
                      />
                    </label>,
                    "key": undefined,
                    "nodeType": "host",
                    "props": Object {
                      "children": Array [
                        "Procurar com #tags?",
                        <input
                          onChange={[Function]}
                          type="checkbox"
                        />,
                        <span
                          className="checkmark br1"
                        />,
                      ],
                      "className": "lh-copy container ml3",
                    },
                    "ref": null,
                    "rendered": Array [
                      "Procurar com #tags?",
                      Object {
                        "instance": <input
                          type="checkbox"
                        />,
                        "key": undefined,
                        "nodeType": "host",
                        "props": Object {
                          "onChange": [Function],
                          "type": "checkbox",
                        },
                        "ref": null,
                        "rendered": Array [
                          undefined,
                        ],
                        "type": "input",
                      },
                      Object {
                        "instance": <span
                          class="checkmark br1"
                        />,
                        "key": undefined,
                        "nodeType": "host",
                        "props": Object {
                          "className": "checkmark br1",
                        },
                        "ref": null,
                        "rendered": Array [
                          undefined,
                        ],
                        "type": "span",
                      },
                    ],
                    "type": "label",
                  },
                ],
                "type": "form",
              },
              Object {
                "instance": <br />,
                "key": undefined,
                "nodeType": "host",
                "props": Object {},
                "ref": null,
                "rendered": Array [
                  undefined,
                ],
                "type": "br",
              },
              Object {
                "instance": <button
                  class="grow br2 ph3 pv2 mb2 dib bg-add azul"
                  type="button"
                >
                  <span
                    aria-label="plus"
                    role="img"
                  >
                    ➕
                  </span>
                   Adicionar Tool
                </button>,
                "key": undefined,
                "nodeType": "host",
                "props": Object {
                  "children": Array [
                    <span
                      aria-label="plus"
                      role="img"
                    >
                      ➕
                    </span>,
                    " Adicionar Tool",
                  ],
                  "className": "grow br2 ph3 pv2 mb2 dib bg-add azul",
                  "onClick": [MockFunction],
                  "type": "button",
                },
                "ref": null,
                "rendered": Array [
                  Object {
                    "instance": <span
                      aria-label="plus"
                      role="img"
                    >
                      ➕
                    </span>,
                    "key": undefined,
                    "nodeType": "host",
                    "props": Object {
                      "aria-label": "plus",
                      "children": "➕",
                      "role": "img",
                    },
                    "ref": null,
                    "rendered": Array [
                      "➕",
                    ],
                    "type": "span",
                  },
                  " Adicionar Tool",
                ],
                "type": "button",
              },
              Object {
                "instance": <br />,
                "key": undefined,
                "nodeType": "host",
                "props": Object {},
                "ref": null,
                "rendered": Array [
                  undefined,
                ],
                "type": "br",
              },
              Object {
                "instance": <article
                  class="bg-branco-escuro w-50 center mb4 o-90 ba b--black-20 br2 pr4 shadowBox"
                >
                  <div
                    class="pa2"
                  >
                    <span>
                      Lista vazia.
                    </span>
                  </div>
                </article>,
                "key": undefined,
                "nodeType": "host",
                "props": Object {
                  "children": <div
                    className="pa2"
                  >
                    <span>
                      Lista vazia.
                    </span>
                  </div>,
                  "className": "bg-branco-escuro w-50 center mb4 o-90 ba b--black-20 br2 pr4 shadowBox",
                },
                "ref": null,
                "rendered": Array [
                  Object {
                    "instance": <div
                      class="pa2"
                    >
                      <span>
                        Lista vazia.
                      </span>
                    </div>,
                    "key": undefined,
                    "nodeType": "host",
                    "props": Object {
                      "children": <span>
                        Lista vazia.
                      </span>,
                      "className": "pa2",
                    },
                    "ref": null,
                    "rendered": Array [
                      Object {
                        "instance": <span>
                          Lista vazia.
                        </span>,
                        "key": undefined,
                        "nodeType": "host",
                        "props": Object {
                          "children": "Lista vazia.",
                        },
                        "ref": null,
                        "rendered": Array [
                          "Lista vazia.",
                        ],
                        "type": "span",
                      },
                    ],
                    "type": "div",
                  },
                ],
                "type": "article",
              },
            ],
            "type": "section",
          },
        ],
        "type": "div",
      },
      "type": Object {
        "$$typeof": Symbol(react.forward_ref),
        "render": [Function],
      },
    },
  ],
  Symbol(enzyme.__options__): Object {
    "adapter": ReactSixteenAdapter {
      "options": Object {
        "enableComponentDidUpdateOnSetState": true,
        "legacyContextMode": "parent",
        "lifecycles": Object {
          "componentDidUpdate": Object {
            "onSetState": true,
          },
          "getChildContext": Object {
            "calledByRenderer": false,
          },
          "getDerivedStateFromError": true,
          "getDerivedStateFromProps": Object {
            "hasShouldComponentUpdateBug": false,
          },
          "getSnapshotBeforeUpdate": true,
          "setState": Object {
            "skipsComponentDidUpdateOnNullish": true,
          },
        },
      },
    },
  },
}
`;
